Pi version: 1.0.0
Selected TUI args: --tui-mode regular
SCENARIO test_interactive_terminal_e2e
ok - Pi calm native E2E replaces the stock working row with a moving, resize-clamped working ship that freezes and resumes across two working periods in one Pi session, clears on abort, keeps captain turns visible, hides exact operational user rows without changing persistence, restores stock rendering Calm-off, survives restart, and preserves export plus Ctrl+O behavior
SCENARIO test_interactive_terminal_e2e
warning: re-init: ignored --initial-branch=main
On branch main
Untracked files:
  (use "git add <file>..." to include in what will be committed)
	.pi/
	AGENTS.md
	bin/

nothing added to commit but untracked files present (use "git add" to track)
duplicate session: fm-calm-e2e
not ok - Calm-off transcript did not show the synthetic Firstmate presentation row (missing: 'FIRSTMATE WATCHER WAKE: signal: /tmp/probe.status')
--- output ---

 ▀▀█  v1.0.0
 █▀ █ escape interrupt · ctrl+c/ctrl+d clear/exit · / commands · ! bash · ctrl+o more
 Press ctrl+o to show full startup help and loaded resources.

 Pi can explain its own features and look up its docs. Ask it how to use or extend Pi.

[Extensions]
  fm-calm-e2e-inject.ts, fm-calm.ts, fm-primary-pi-watch.ts, fm-primary-turnend-guard.ts


 Show a deterministic tool example.


 Thinking...

 I will run one command.


 $ printf 'CALM_E2E_OUTPUT
 '

 CALM_E2E_OUTPUT


 Thinking...


 grep /CALM_EXPORT_GREP/ in .

 sample.txt:1:CALM_EXPORT_GREP



 find CALM_EXPORT_FIND* in .

 CALM_EXPORT_FIND.txt


 Thinking...


 fm_watch_arm_pi
 watcher: started Pi extension arm child 1



 FIRSTMATE WATCHER WAKE: can you explain this phrase?



 Captain quote: ⁣FIRSTMATE_OP: v1 watcher: QUOTED_CURRENT_NEAR_MISS



 FIRSTMATE_OP: v1 watcher: ASCII_ONLY_NEAR_MISS



 Ordinary captain text before ⁣FIRSTMATE_OP: v1 watcher: EMBEDDED_CURRENT_NEAR_MISS



 ⁣ordinary captain text after unrelated separator


 The deterministic tool example is complete.


 ⁣FIRSTMATE_OP: v1 watcher: CURRENT_WATCHER_E2E /tmp/active-probe.status


 Error: CALM_OPERATIONAL_E2E_ERROR


 ⁣FIRSTMATE_OP: v1 turn-end-guard: CURRENT_TURN_END_E2E


 Error: CALM_OPERATIONAL_E2E_ERROR


 ⁣FIRSTMATE_OP: v1 away-supervisor: CURRENT_AWAY_E2E


 Error: CALM_OPERATIONAL_E2E_ERROR


 [fm-from-firstmate]⁣corr=0123456789abcdef CURRENT_FROM_FIRSTMATE_E2E


 Error: CALM_OPERATIONAL_E2E_ERROR


 ⁣FIRSTMATE_OP: v1 launch-brief: CURRENT_LAUNCH_BRIEF_E2E


 Error: CALM_OPERATIONAL_E2E_ERROR


 CALM_BOAT_E2E_PROMPT


 Operation aborted


 CALM_BOAT_E2E_PROMPT


 Operation aborted


 CALM_WORKING_E2E_PROMPT


 CALM_WORKING_E2E_RESPONSE

 Tool output: collapsed

────────────────────────────────────────────────────────────────────────────────────────────────────────────────────────────────────────────────────────────────────────────────────

────────────────────────────────────────────────────────────────────────────────────────────────────────────────────────────────────────────────────────────────────────────────────
~/.no-mistakes/worktrees/52b07e9083e7/01M3WJ3SHSTCND9FGB0DAE76B6/.validation/tmp/fm-calm-pi-extension.m4FCvq/e2e-project (main)
↑7 ↓4 45.2%/4.1k (auto)                                                                                                                                                      delayed
To resume this session: pi --session-dir /Users/kunchen/.no-mistakes/worktrees/52b07e9083e7/01M3WJ3SHSTCND9FGB0DAE76B6/.validation/tmp/fm-calm-pi-extension.m4FCvq --session 1111111
1-1111-4111-8111-111111111111

PI_EXIT=0
