/Users/kunchen/.no-mistakes/worktrees/52b07e9083e7/01M3XVFN3SMD5SSXBTPDBXVGJ3/.live-tmp/home
scaffolded: /Users/kunchen/.no-mistakes/worktrees/52b07e9083e7/01M3XVFN3SMD5SSXBTPDBXVGJ3/.live-tmp/home/data/trust-pi-lab/brief.md (secondmate charter)
home=/Users/kunchen/.no-mistakes/worktrees/52b07e9083e7/01M3XVFN3SMD5SSXBTPDBXVGJ3/.live-tmp/mate-pi
fm-gate-refuse: gate agent lifecycle permitted only against lab home /Users/kunchen/.no-mistakes/worktrees/52b07e9083e7/01M3XVFN3SMD5SSXBTPDBXVGJ3/.live-tmp/home
spawned trust-pi-lab harness=pi kind=secondmate mode=secondmate yolo=off window=lab:fm-trust-pi-lab worktree=/Users/kunchen/.no-mistakes/worktrees/52b07e9083e7/01M3XVFN3SMD5SSXBTPDBXVGJ3/.live-tmp/mate-pi
 pi v0.82.0
 escape interrupt · ctrl+c/ctrl+d clear/exit · / commands · ! bash · ctrl+o more
 Press ctrl+o to show full startup help and loaded resources.

 Pi can explain its own features and look up its docs. Ask it how to use or extend Pi.


[Context]
  /Users/kunchen/AGENTS.md, /Users/kunchen/.no-mistakes/worktrees/52b07e9083e7/01M3XVFN3SMD5SSXBTPDBXVGJ3/AGENTS.md,
AGENTS.md

[Skills]
  afk, agent-skill-trigger-index, ahoy, ask-user-authority, away-quiet-supervision, bearings, bootstrap-diagnostics,
captain-hold-lifecycle, decision-hold-lifecycle, diagnostic-reasoning, firstmate-codexapp, firstmate-coding-guidelines,
firstmate-orca, fmx-respond, harness-adapters, operational-home-layout, process-event-sources, project-management,
quiet, quota-array-dispatch, scout-completion, secondmate-provisioning, session-start-recovery, ship-landing, stow,
stuck-crewmate-recovery, updatefirstmate, validation-supervision

[Extensions]
  fm-branch-supervision.ts, fm-calm.ts, fm-primary-pi-watch.ts, fm-primary-turnend-guard.ts


 Warning: No models available. Use /login to log into a provider via OAuth or API key. See:
   /Applications/Pi Launcher.app/Contents/Resources/pi/docs/providers.md
   /Applications/Pi Launcher.app/Contents/Resources/pi/docs/models.md

 Error: No API key found for the selected model.

 Use /login to log into a provider via OAuth or API key. See:
   /Applications/Pi Launcher.app/Contents/Resources/pi/docs/providers.md
   /Applications/Pi Launcher.app/Contents/Resources/pi/docs/models.md

 Warning: tmux extended-keys is off. Modified Enter keys may not work. Add `set -g extended-keys on` to ~/.tmux.conf
 and restart tmux.

────────────────────────────────────────────────────────────────────────────────────────────────────────────────────────

────────────────────────────────────────────────────────────────────────────────────────────────────────────────────────
/Users/kunchen/.no-mistakes/worktrees/52b07e9083e7/01M3XVFN3SMD5SSXBTPDBXVGJ3/.live-tmp/mate-pi (main)
0.0%/0 (auto)                                                                                                    unknown
scaffolded: /Users/kunchen/.no-mistakes/worktrees/52b07e9083e7/01M3XVFN3SMD5SSXBTPDBXVGJ3/.live-tmp/home/data/trust-pi-signed-lab/brief.md (secondmate charter)
home=/Users/kunchen/.no-mistakes/worktrees/52b07e9083e7/01M3XVFN3SMD5SSXBTPDBXVGJ3/.live-tmp/mate-pi-signed
fm-gate-refuse: gate agent lifecycle permitted only against lab home /Users/kunchen/.no-mistakes/worktrees/52b07e9083e7/01M3XVFN3SMD5SSXBTPDBXVGJ3/.live-tmp/home
WARNING: watcher still down (same stale episode; last beat: 13s ago, grace 300s) - full banner already printed this episode.
spawned trust-pi-signed-lab harness=pi-signed kind=secondmate mode=secondmate yolo=off window=lab:fm-trust-pi-signed-lab worktree=/Users/kunchen/.no-mistakes/worktrees/52b07e9083e7/01M3XVFN3SMD5SSXBTPDBXVGJ3/.live-tmp/mate-pi-signed
 pi v0.82.0
 escape interrupt · ctrl+c/ctrl+d clear/exit · / commands · ! bash · ctrl+o more
 Press ctrl+o to show full startup help and loaded resources.

 Pi can explain its own features and look up its docs. Ask it how to use or extend Pi.


[Context]
  /Users/kunchen/AGENTS.md, /Users/kunchen/.no-mistakes/worktrees/52b07e9083e7/01M3XVFN3SMD5SSXBTPDBXVGJ3/AGENTS.md,
AGENTS.md

[Skills]
  afk, agent-skill-trigger-index, ahoy, ask-user-authority, away-quiet-supervision, bearings, bootstrap-diagnostics,
captain-hold-lifecycle, decision-hold-lifecycle, diagnostic-reasoning, firstmate-codexapp, firstmate-coding-guidelines,
firstmate-orca, fmx-respond, harness-adapters, operational-home-layout, process-event-sources, project-management,
quiet, quota-array-dispatch, scout-completion, secondmate-provisioning, session-start-recovery, ship-landing, stow,
stuck-crewmate-recovery, updatefirstmate, validation-supervision

[Extensions]
  fm-branch-supervision.ts, fm-calm.ts, fm-primary-pi-watch.ts, fm-primary-turnend-guard.ts


 Warning: No models available. Use /login to log into a provider via OAuth or API key. See:
   /Applications/Pi Launcher.app/Contents/Resources/pi/docs/providers.md
   /Applications/Pi Launcher.app/Contents/Resources/pi/docs/models.md

 Error: No API key found for the selected model.

 Use /login to log into a provider via OAuth or API key. See:
   /Applications/Pi Launcher.app/Contents/Resources/pi/docs/providers.md
   /Applications/Pi Launcher.app/Contents/Resources/pi/docs/models.md

 Warning: tmux extended-keys is off. Modified Enter keys may not work. Add `set -g extended-keys on` to ~/.tmux.conf
 and restart tmux.

────────────────────────────────────────────────────────────────────────────────────────────────────────────────────────

────────────────────────────────────────────────────────────────────────────────────────────────────────────────────────
/Users/kunchen/.no-mistakes/worktrees/52b07e9083e7/01M3XVFN3SMD5SSXBTPDBXVGJ3/.live-tmp/mate-pi-signed (main)
0.0%/0 (auto)                                                                                                    unknown
fm-gate-refuse: gate agent lifecycle permitted only against lab home /Users/kunchen/.no-mistakes/worktrees/52b07e9083e7/01M3XVFN3SMD5SSXBTPDBXVGJ3/.live-tmp/home
WARNING: watcher still down (same stale episode; last beat: 18s ago, grace 300s) - full banner already printed this episode.
error: firstmate home /Users/kunchen/.no-mistakes/worktrees/52b07e9083e7/01M3XVFN3SMD5SSXBTPDBXVGJ3/.live-tmp/mate-pi is not a seeded secondmate home
Unseeded refusal kept endpoint count unchanged:        1
