ok - open-1
ok - open-2
ok - open-3
ok - open-4
ok - open-5
ok - open-6
ok - open-7
ok - open-8
ok - open-9
ok - open-10
ok - open-11
ok - open-12
ok - open-13
ok - open-14
ok - open-15
ok - open-16
ok - open-17
ok - open-18
ok - open-19
ok - open-20
ok - open-21
ok - open-22
ok - open-23
ok - open-24
ok - open-25
ok - open-26
ok - open-27
ok - open-28
ok - open-29
ok - open-30
ok - open-31
ok - open-32
ok - open-33
ok - open-34
ok - open-35
ok - open-36
ok - allowed-37
ok - allowed-38
ok - allowed-39
ok - allowed-40
ok - allowed-41
ok - allowed-42
ok - tab-issue-43
ok - tab-open-44
ok - tab-issue-45
ok - tab-open-46
ok - tab-issue-47
ok - tab-open-48
ok - commit-cross-repo
ok - commit-url
ok - unresolved target refuses
