wc
wc
tr
tr
tr
tr
wc
tr
tr
wc
tr
date
wc
tr
tr
date
tail
date
wc
tr
tail
tr
wc
tr
wc
tr
tail
tr
wc
tr
wc
tr
tail
tr
wc
tr
wc
tr
wc
tr
wc
tr
sleep
tr
date
date
sleep
sleep
wc
tr
tail
date
sleep
date
sleep
sleep
wc
sleep
tr
tail
date
sleep
wc
tr
tail
sleep
date
sleep
sleep
wc
tr
tail
date
sleep
wc
tr
sleep
tail
date
sleep
sleep
wc
tr
tail
date
sleep
wc
tr
tail
date
sleep
wc
tr
tail
date
sleep
sleep
wc
tr
tail
date
sleep
wc
tr
tail
sleep
date
sleep
sleep
wc
tr
tail
date
sleep
wc
tr
sleep
tail
date
sleep
wc
tr
tail
date
sleep
sleep
wc
tr
tail
date
sleep
wc
tr
tail
date
sleep
wc
tr
tail
sleep
date
sleep
wc
tr
tail
date
sleep
wc
tr
tail
date
sleep
sleep
wc
tr
tail
date
sleep
sleep
wc
tr
tail
date
sleep
tr
wc
tail
date
sleep
sleep
sleep
wc
tr
tail
date
sleep
sleep
wc
tr
tail
date
sleep
wc
tr
tail
date
sleep
sleep
sleep
wc
tr
tail
date
sleep
wc
tr
tail
date
sleep
wc
tr
wc
tr
wc
tr
tail
wc
tr
wc
tr
wc
tr
tr
