wc
tr
tr
wc
tr
tr
wc
tr
tr
wc
tr
tail
date
wc
tr
tr
date
date
wc
tr
tail
tr
wc
tr
wc
tr
tail
tr
wc
tr
wc
tr
tail
tr
wc
tr
wc
tr
wc
tr
wc
tr
tr
sleep
date
date
sleep
sleep
wc
tr
tail
date
sleep
date
sleep
sleep
wc
tr
tail
date
sleep
sleep
wc
tr
tail
date
sleep
sleep
wc
tr
tail
date
sleep
sleep
wc
tr
tail
date
sleep
sleep
wc
tr
tail
date
sleep
sleep
wc
tr
tail
date
sleep
sleep
wc
tr
tail
date
sleep
sleep
wc
tr
tail
date
sleep
sleep
wc
tr
tail
date
sleep
sleep
wc
tr
tail
date
sleep
wc
tr
tail
wc
tr
date
sleep
wc
tr
wc
tr
tail
wc
tr
wc
tr
wc
tr
tr
